// Jest Snapshot v1, https://goo.gl/fbAQLP

exports[`ForecastSummaries renders as expected 1`] = `
<DocumentFragment>
  <div
    class="forecast-summaries"
  >
    <div
      class="forecast-summary"
      data-testid="forecast-summary"
    >
      <div
        class="forecast-summary__date"
      >
        1111111
      </div>
      <div
        class="forecast-summary__icon"
        data-testid="forecast-icon"
      >
        StubIcon1
      </div>
      <div
        class="forecast-summary__temperature"
      >
        22°C
      </div>
      <div
        class="forecast-summary__description"
      >
        Stub description 1
      </div>
    </div>
    <div
      class="forecast-summary"
      data-testid="forecast-summary"
    >
      <div
        class="forecast-summary__date"
      >
        2222222
      </div>
      <div
        class="forecast-summary__icon"
        data-testid="forecast-icon"
      >
        StubIcon2
      </div>
      <div
        class="forecast-summary__temperature"
      >
        23°C
      </div>
      <div
        class="forecast-summary__description"
      >
        Stub description 2
      </div>
    </div>
    <div
      class="forecast-summary"
      data-testid="forecast-summary"
    >
      <div
        class="forecast-summary__date"
      >
        3333333
      </div>
      <div
        class="forecast-summary__icon"
        data-testid="forecast-icon"
      >
        StubIcon3
      </div>
      <div
        class="forecast-summary__temperature"
      >
        24°C
      </div>
      <div
        class="forecast-summary__description"
      >
        Stub description 3
      </div>
    </div>
  </div>
</DocumentFragment>
`;
